[+] GasFill API Test Suite

[*] Testing customer registration...
[-] Error: HTTPConnectionPool(host='localhost', port=5002): Max retries exceeded with url: /api/auth/register (Caused by NewConnectionError('<urllib3.connection.HTTPConnection object at 0x000002B178B72A50>: Failed to establish a new connection: [WinError 10061] No connection could be made because the target machine actively refused it'))
